// Jest Snapshot v1, https://goo.gl/fbAQLP

exports[`<Menu /> should render correctly 1`] = `
<main
  class=""
>
  <h1>
    Hello Menu
  </h1>
</main>
`;
