// Jest Snapshot v1, https://goo.gl/fbAQLP

exports[`<GameCardSlider /> should render correctly 1`] = `
<main
  class=""
>
  <h1>
    Hello GameCardSlider
  </h1>
</main>
`;
