// Jest Snapshot v1, https://goo.gl/fbAQLP

exports[`<Heading /> should render correctly 1`] = `
<main
  class=""
>
  <h1>
    Hello Heading
  </h1>
</main>
`;
